Copyright 1986-2022 Xilinx, Inc. All Rights Reserved.
---------------------------------------------------------------------------------------
| Tool Version : Vivado v.2022.2 (win64) Build 3671981 Fri Oct 14 05:00:03 MDT 2022
| Date         : Tue Sep 29 13:13:07 2026
| Host         : DESKTOP-0CS4U37 running 64-bit major release  (build 9200)
| Command      : report_control_sets -verbose -file phase1_top_control_sets_placed.rpt
| Design       : phase1_top
| Device       : xc7a35t
---------------------------------------------------------------------------------------

Control Set Information

Table of Contents
-----------------
1. Summary
2. Histogram
3. Flip-Flop Distribution
4. Detailed Control Set Information

1. Summary
----------

+----------------------------------------------------------+-------+
|                          Status                          | Count |
+----------------------------------------------------------+-------+
| Total control sets                                       |    20 |
|    Minimum number of control sets                        |    20 |
|    Addition due to synthesis replication                 |     0 |
|    Addition due to physical synthesis replication        |     0 |
| Unused register locations in slices containing registers |    54 |
+----------------------------------------------------------+-------+
* Control sets can be merged at opt_design using control_set_merge or merge_equivalent_drivers
** Run report_qor_suggestions for automated merging and remapping suggestions


2. Histogram
------------

+--------------------+-------+
|       Fanout       | Count |
+--------------------+-------+
| Total control sets |    20 |
| >= 0 to < 4        |     3 |
| >= 4 to < 6        |     2 |
| >= 6 to < 8        |     0 |
| >= 8 to < 10       |     2 |
| >= 10 to < 12      |     0 |
| >= 12 to < 14      |     1 |
| >= 14 to < 16      |     0 |
| >= 16              |    12 |
+--------------------+-------+
* Control sets can be remapped at either synth_design or opt_design


3. Flip-Flop Distribution
-------------------------

+--------------+-----------------------+------------------------+-----------------+--------------+
| Clock Enable | Synchronous Set/Reset | Asynchronous Set/Reset | Total Registers | Total Slices |
+--------------+-----------------------+------------------------+-----------------+--------------+
| No           | No                    | No                     |               0 |            0 |
| No           | No                    | Yes                    |              46 |           15 |
| No           | Yes                   | No                     |               0 |            0 |
| Yes          | No                    | No                     |               0 |            0 |
| Yes          | No                    | Yes                    |             404 |          143 |
| Yes          | Yes                   | No                     |               0 |            0 |
+--------------+-----------------------+------------------------+-----------------+--------------+


4. Detailed Control Set Information
-----------------------------------

+----------------+--------------------------------------------------+------------------------------+------------------+----------------+--------------+
|  Clock Signal  |                   Enable Signal                  |       Set/Reset Signal       | Slice Load Count | Bel Load Count | Bels / Slice |
+----------------+--------------------------------------------------+------------------------------+------------------+----------------+--------------+
|  clk_IBUF_BUFG | i2c_inst/scl_out                                 | core_inst/regfile_inst/rst_n |                1 |              1 |         1.00 |
|  clk_IBUF_BUFG | i2c_inst/sda_out                                 | core_inst/regfile_inst/rst_n |                1 |              1 |         1.00 |
|  clk_IBUF_BUFG | uart_inst/tx_i_1_n_0                             | core_inst/regfile_inst/rst_n |                1 |              1 |         1.00 |
|  clk_IBUF_BUFG | core_inst/alu_inst/tx_busy_reg[0]                | core_inst/regfile_inst/rst_n |                1 |              4 |         4.00 |
|  clk_IBUF_BUFG | i2c_inst/bit_cnt                                 | core_inst/regfile_inst/rst_n |                1 |              4 |         4.00 |
|  clk_IBUF_BUFG | core_inst/alu_inst/m_ahb_hwrite_reg_1[0]         | core_inst/regfile_inst/rst_n |                2 |              8 |         4.00 |
|  clk_IBUF_BUFG | i2c_inst/address_triggered_i_1_n_0               | core_inst/regfile_inst/rst_n |                3 |              9 |         3.00 |
|  clk_IBUF_BUFG | core_inst/p_0_in                                 | core_inst/regfile_inst/rst_n |                5 |             12 |         2.40 |
|  clk_IBUF_BUFG | core_inst/alu_inst/m_ahb_hwrite_reg_2[0]         | core_inst/regfile_inst/rst_n |               12 |             32 |         2.67 |
|  clk_IBUF_BUFG | core_inst/regfile_inst/registers[8][31]_i_1_n_0  | core_inst/regfile_inst/rst_n |                7 |             32 |         4.57 |
|  clk_IBUF_BUFG | core_inst/regfile_inst/registers[9][31]_i_1_n_0  | core_inst/regfile_inst/rst_n |                8 |             32 |         4.00 |
|  clk_IBUF_BUFG | core_inst/regfile_inst/registers[1][31]_i_1_n_0  | core_inst/regfile_inst/rst_n |               14 |             32 |         2.29 |
|  clk_IBUF_BUFG | core_inst/regfile_inst/registers[30][31]_i_1_n_0 | core_inst/regfile_inst/rst_n |               11 |             32 |         2.91 |
|  clk_IBUF_BUFG | core_inst/regfile_inst/registers[31][31]_i_1_n_0 | core_inst/regfile_inst/rst_n |                8 |             32 |         4.00 |
|  clk_IBUF_BUFG | core_inst/regfile_inst/registers[22][31]_i_1_n_0 | core_inst/regfile_inst/rst_n |               10 |             32 |         3.20 |
|  clk_IBUF_BUFG | core_inst/regfile_inst/registers[23][31]_i_1_n_0 | core_inst/regfile_inst/rst_n |               20 |             32 |         1.60 |
|  clk_IBUF_BUFG | core_inst/alu_inst/E[0]                          | core_inst/regfile_inst/rst_n |               14 |             33 |         2.36 |
|  clk_IBUF_BUFG | noc_inst/noc_tx_flit[34]_i_1_n_0                 | core_inst/regfile_inst/rst_n |               14 |             35 |         2.50 |
|  clk_IBUF_BUFG | core_inst/alu_inst/FSM_onehot_state_reg[0][0]    | core_inst/regfile_inst/rst_n |               10 |             40 |         4.00 |
|  clk_IBUF_BUFG |                                                  | core_inst/regfile_inst/rst_n |               15 |             46 |         3.07 |
+----------------+--------------------------------------------------+------------------------------+------------------+----------------+--------------+


