Copyright 1986-2022 Xilinx, Inc. All Rights Reserved.
---------------------------------------------------------------------------------------------------------------------
| Tool Version : Vivado v.2022.2 (win64) Build 3671981 Fri Oct 14 05:00:03 MDT 2022
| Date         : Tue Sep 29 13:13:03 2026
| Host         : DESKTOP-0CS4U37 running 64-bit major release  (build 9200)
| Command      : report_drc -file phase1_top_drc_opted.rpt -pb phase1_top_drc_opted.pb -rpx phase1_top_drc_opted.rpx
| Design       : phase1_top
| Device       : xc7a35tcpg236-1
| Speed File   : -1
| Design State : Synthesized
---------------------------------------------------------------------------------------------------------------------

Report DRC

Table of Contents
-----------------
1. REPORT SUMMARY
2. REPORT DETAILS

1. REPORT SUMMARY
-----------------
            Netlist: netlist
          Floorplan: design_1
      Design limits: <entire design considered>
           Ruledeck: default
             Max violations: <unlimited>
             Violations found: 47
+-----------+------------------+-----------------------------------------------------+------------+
| Rule      | Severity         | Description                                         | Violations |
+-----------+------------------+-----------------------------------------------------+------------+
| NSTD-1    | Critical Warning | Unspecified I/O Standard                            | 1          |
| UCIO-1    | Critical Warning | Unconstrained Logical Port                          | 1          |
| CFGBVS-1  | Warning          | Missing CFGBVS and CONFIG_VOLTAGE Design Properties | 1          |
| CHECK-3   | Warning          | Report rule limit reached                           | 2          |
| REQP-1839 | Warning          | RAMB36 async control check                          | 20         |
| REQP-1840 | Warning          | RAMB18 async control check                          | 20         |
| RPBF-3    | Warning          | IO port buffering is incomplete                     | 2          |
+-----------+------------------+-----------------------------------------------------+------------+

2. REPORT DETAILS
-----------------
NSTD-1#1 Critical Warning
Unspecified I/O Standard  
42 out of 42 logical ports use I/O standard (IOSTANDARD) value 'DEFAULT', instead of a user assigned specific value. This may cause I/O contention or incompatibility with the board power or connectivity affecting performance, signal integrity or in extreme cases cause damage to the device or the components to which it is connected. To correct this violation, specify all I/O standards. This design will fail to generate a bitstream unless all logical ports have a user specified I/O standard value defined. To allow bitstream creation with unspecified I/O standard values (not recommended), use this command: set_property SEVERITY {Warning} [get_drc_checks NSTD-1].  NOTE: When using the Vivado Runs infrastructure (e.g. launch_runs Tcl command), add this command to a .tcl file and add that file as a pre-hook for write_bitstream step for the implementation run. Problem ports: clk, i2c_scl, i2c_sda, noc_tx_flit[34:0], noc_tx_ready, noc_tx_valid,
rst_n, uart_tx.
Related violations: <none>

UCIO-1#1 Critical Warning
Unconstrained Logical Port  
42 out of 42 logical ports have no user assigned specific location constraint (LOC). This may cause I/O contention or incompatibility with the board power or connectivity affecting performance, signal integrity or in extreme cases cause damage to the device or the components to which it is connected. To correct this violation, specify all pin locations. This design will fail to generate a bitstream unless all logical ports have a user specified site LOC constraint defined.  To allow bitstream creation with unspecified pin locations (not recommended), use this command: set_property SEVERITY {Warning} [get_drc_checks UCIO-1].  NOTE: When using the Vivado Runs infrastructure (e.g. launch_runs Tcl command), add this command to a .tcl file and add that file as a pre-hook for write_bitstream step for the implementation run.  Problem ports: clk, i2c_scl, i2c_sda, noc_tx_flit[34:0], noc_tx_ready, noc_tx_valid,
rst_n, uart_tx.
Related violations: <none>

CFGBVS-1#1 Warning
Missing CFGBVS and CONFIG_VOLTAGE Design Properties  
Neither the CFGBVS nor CONFIG_VOLTAGE voltage property is set in the current_design.  Configuration bank voltage select (CFGBVS) must be set to VCCO or GND, and CONFIG_VOLTAGE must be set to the correct configuration voltage, in order to determine the I/O voltage support for the pins in bank 0.  It is suggested to specify these either using the 'Edit Device Properties' function in the GUI or directly in the XDC file using the following syntax:

 set_property CFGBVS value1 [current_design]
 #where value1 is either VCCO or GND

 set_property CONFIG_VOLTAGE value2 [current_design]
 #where value2 is the voltage provided to configuration bank 0

Refer to the device configuration user guide for more information.
Related violations: <none>

CHECK-3#1 Warning
Report rule limit reached  
REQP-1839 rule limit reached: 20 violations have been found.
Related violations: <none>

CHECK-3#2 Warning
Report rule limit reached  
REQP-1840 rule limit reached: 20 violations have been found.
Related violations: <none>

REQP-1839#1 Warning
RAMB36 async control check  
The RAMB36E1 itcm_ram/itcm_rdata_reg_0 has an input control pin itcm_ram/itcm_rdata_reg_0/ADDRARDADDR[14] (net: itcm_ram/cpu_addr[11]) which is driven by a register (core_inst/if_id_instr_reg[0]) that has an active asychronous set or reset. This may cause corruption of the memory contents and/or read values when the set/reset is asserted and is not analyzed by the default static timing analysis. It is suggested to eliminate the use of a set/reset to registers driving this RAMB pin or else use a synchronous reset in which the assertion of the reset is timed by default.
Related violations: <none>

REQP-1839#2 Warning
RAMB36 async control check  
The RAMB36E1 itcm_ram/itcm_rdata_reg_0 has an input control pin itcm_ram/itcm_rdata_reg_0/ADDRARDADDR[14] (net: itcm_ram/cpu_addr[11]) which is driven by a register (core_inst/if_id_instr_reg[10]) that has an active asychronous set or reset. This may cause corruption of the memory contents and/or read values when the set/reset is asserted and is not analyzed by the default static timing analysis. It is suggested to eliminate the use of a set/reset to registers driving this RAMB pin or else use a synchronous reset in which the assertion of the reset is timed by default.
Related violations: <none>

REQP-1839#3 Warning
RAMB36 async control check  
The RAMB36E1 itcm_ram/itcm_rdata_reg_0 has an input control pin itcm_ram/itcm_rdata_reg_0/ADDRARDADDR[14] (net: itcm_ram/cpu_addr[11]) which is driven by a register (core_inst/if_id_instr_reg[13]) that has an active asychronous set or reset. This may cause corruption of the memory contents and/or read values when the set/reset is asserted and is not analyzed by the default static timing analysis. It is suggested to eliminate the use of a set/reset to registers driving this RAMB pin or else use a synchronous reset in which the assertion of the reset is timed by default.
Related violations: <none>

REQP-1839#4 Warning
RAMB36 async control check  
The RAMB36E1 itcm_ram/itcm_rdata_reg_0 has an input control pin itcm_ram/itcm_rdata_reg_0/ADDRARDADDR[14] (net: itcm_ram/cpu_addr[11]) which is driven by a register (core_inst/if_id_instr_reg[14]) that has an active asychronous set or reset. This may cause corruption of the memory contents and/or read values when the set/reset is asserted and is not analyzed by the default static timing analysis. It is suggested to eliminate the use of a set/reset to registers driving this RAMB pin or else use a synchronous reset in which the assertion of the reset is timed by default.
Related violations: <none>

REQP-1839#5 Warning
RAMB36 async control check  
The RAMB36E1 itcm_ram/itcm_rdata_reg_0 has an input control pin itcm_ram/itcm_rdata_reg_0/ADDRARDADDR[14] (net: itcm_ram/cpu_addr[11]) which is driven by a register (core_inst/if_id_instr_reg[18]) that has an active asychronous set or reset. This may cause corruption of the memory contents and/or read values when the set/reset is asserted and is not analyzed by the default static timing analysis. It is suggested to eliminate the use of a set/reset to registers driving this RAMB pin or else use a synchronous reset in which the assertion of the reset is timed by default.
Related violations: <none>

REQP-1839#6 Warning
RAMB36 async control check  
The RAMB36E1 itcm_ram/itcm_rdata_reg_0 has an input control pin itcm_ram/itcm_rdata_reg_0/ADDRARDADDR[14] (net: itcm_ram/cpu_addr[11]) which is driven by a register (core_inst/if_id_instr_reg[20]) that has an active asychronous set or reset. This may cause corruption of the memory contents and/or read values when the set/reset is asserted and is not analyzed by the default static timing analysis. It is suggested to eliminate the use of a set/reset to registers driving this RAMB pin or else use a synchronous reset in which the assertion of the reset is timed by default.
Related violations: <none>

REQP-1839#7 Warning
RAMB36 async control check  
The RAMB36E1 itcm_ram/itcm_rdata_reg_0 has an input control pin itcm_ram/itcm_rdata_reg_0/ADDRARDADDR[14] (net: itcm_ram/cpu_addr[11]) which is driven by a register (core_inst/if_id_instr_reg[22]) that has an active asychronous set or reset. This may cause corruption of the memory contents and/or read values when the set/reset is asserted and is not analyzed by the default static timing analysis. It is suggested to eliminate the use of a set/reset to registers driving this RAMB pin or else use a synchronous reset in which the assertion of the reset is timed by default.
Related violations: <none>

REQP-1839#8 Warning
RAMB36 async control check  
The RAMB36E1 itcm_ram/itcm_rdata_reg_0 has an input control pin itcm_ram/itcm_rdata_reg_0/ADDRARDADDR[14] (net: itcm_ram/cpu_addr[11]) which is driven by a register (core_inst/if_id_instr_reg[2]) that has an active asychronous set or reset. This may cause corruption of the memory contents and/or read values when the set/reset is asserted and is not analyzed by the default static timing analysis. It is suggested to eliminate the use of a set/reset to registers driving this RAMB pin or else use a synchronous reset in which the assertion of the reset is timed by default.
Related violations: <none>

REQP-1839#9 Warning
RAMB36 async control check  
The RAMB36E1 itcm_ram/itcm_rdata_reg_0 has an input control pin itcm_ram/itcm_rdata_reg_0/ADDRARDADDR[14] (net: itcm_ram/cpu_addr[11]) which is driven by a register (core_inst/if_id_instr_reg[30]) that has an active asychronous set or reset. This may cause corruption of the memory contents and/or read values when the set/reset is asserted and is not analyzed by the default static timing analysis. It is suggested to eliminate the use of a set/reset to registers driving this RAMB pin or else use a synchronous reset in which the assertion of the reset is timed by default.
Related violations: <none>

REQP-1839#10 Warning
RAMB36 async control check  
The RAMB36E1 itcm_ram/itcm_rdata_reg_0 has an input control pin itcm_ram/itcm_rdata_reg_0/ADDRARDADDR[14] (net: itcm_ram/cpu_addr[11]) which is driven by a register (core_inst/if_id_instr_reg[3]) that has an active asychronous set or reset. This may cause corruption of the memory contents and/or read values when the set/reset is asserted and is not analyzed by the default static timing analysis. It is suggested to eliminate the use of a set/reset to registers driving this RAMB pin or else use a synchronous reset in which the assertion of the reset is timed by default.
Related violations: <none>

REQP-1839#11 Warning
RAMB36 async control check  
The RAMB36E1 itcm_ram/itcm_rdata_reg_0 has an input control pin itcm_ram/itcm_rdata_reg_0/ADDRARDADDR[14] (net: itcm_ram/cpu_addr[11]) which is driven by a register (core_inst/if_id_instr_reg[4]) that has an active asychronous set or reset. This may cause corruption of the memory contents and/or read values when the set/reset is asserted and is not analyzed by the default static timing analysis. It is suggested to eliminate the use of a set/reset to registers driving this RAMB pin or else use a synchronous reset in which the assertion of the reset is timed by default.
Related violations: <none>

REQP-1839#12 Warning
RAMB36 async control check  
The RAMB36E1 itcm_ram/itcm_rdata_reg_0 has an input control pin itcm_ram/itcm_rdata_reg_0/ADDRARDADDR[14] (net: itcm_ram/cpu_addr[11]) which is driven by a register (core_inst/if_id_instr_reg[5]) that has an active asychronous set or reset. This may cause corruption of the memory contents and/or read values when the set/reset is asserted and is not analyzed by the default static timing analysis. It is suggested to eliminate the use of a set/reset to registers driving this RAMB pin or else use a synchronous reset in which the assertion of the reset is timed by default.
Related violations: <none>

REQP-1839#13 Warning
RAMB36 async control check  
The RAMB36E1 itcm_ram/itcm_rdata_reg_0 has an input control pin itcm_ram/itcm_rdata_reg_0/ADDRARDADDR[14] (net: itcm_ram/cpu_addr[11]) which is driven by a register (core_inst/pc_reg[13]) that has an active asychronous set or reset. This may cause corruption of the memory contents and/or read values when the set/reset is asserted and is not analyzed by the default static timing analysis. It is suggested to eliminate the use of a set/reset to registers driving this RAMB pin or else use a synchronous reset in which the assertion of the reset is timed by default.
Related violations: <none>

REQP-1839#14 Warning
RAMB36 async control check  
The RAMB36E1 itcm_ram/itcm_rdata_reg_0 has an input control pin itcm_ram/itcm_rdata_reg_0/ADDRARDADDR[14] (net: itcm_ram/cpu_addr[11]) which is driven by a register (core_inst/regfile_inst/registers_reg[1][0]) that has an active asychronous set or reset. This may cause corruption of the memory contents and/or read values when the set/reset is asserted and is not analyzed by the default static timing analysis. It is suggested to eliminate the use of a set/reset to registers driving this RAMB pin or else use a synchronous reset in which the assertion of the reset is timed by default.
Related violations: <none>

REQP-1839#15 Warning
RAMB36 async control check  
The RAMB36E1 itcm_ram/itcm_rdata_reg_0 has an input control pin itcm_ram/itcm_rdata_reg_0/ADDRARDADDR[14] (net: itcm_ram/cpu_addr[11]) which is driven by a register (core_inst/regfile_inst/registers_reg[1][10]) that has an active asychronous set or reset. This may cause corruption of the memory contents and/or read values when the set/reset is asserted and is not analyzed by the default static timing analysis. It is suggested to eliminate the use of a set/reset to registers driving this RAMB pin or else use a synchronous reset in which the assertion of the reset is timed by default.
Related violations: <none>

REQP-1839#16 Warning
RAMB36 async control check  
The RAMB36E1 itcm_ram/itcm_rdata_reg_0 has an input control pin itcm_ram/itcm_rdata_reg_0/ADDRARDADDR[14] (net: itcm_ram/cpu_addr[11]) which is driven by a register (core_inst/regfile_inst/registers_reg[1][11]) that has an active asychronous set or reset. This may cause corruption of the memory contents and/or read values when the set/reset is asserted and is not analyzed by the default static timing analysis. It is suggested to eliminate the use of a set/reset to registers driving this RAMB pin or else use a synchronous reset in which the assertion of the reset is timed by default.
Related violations: <none>

REQP-1839#17 Warning
RAMB36 async control check  
The RAMB36E1 itcm_ram/itcm_rdata_reg_0 has an input control pin itcm_ram/itcm_rdata_reg_0/ADDRARDADDR[14] (net: itcm_ram/cpu_addr[11]) which is driven by a register (core_inst/regfile_inst/registers_reg[1][12]) that has an active asychronous set or reset. This may cause corruption of the memory contents and/or read values when the set/reset is asserted and is not analyzed by the default static timing analysis. It is suggested to eliminate the use of a set/reset to registers driving this RAMB pin or else use a synchronous reset in which the assertion of the reset is timed by default.
Related violations: <none>

REQP-1839#18 Warning
RAMB36 async control check  
The RAMB36E1 itcm_ram/itcm_rdata_reg_0 has an input control pin itcm_ram/itcm_rdata_reg_0/ADDRARDADDR[14] (net: itcm_ram/cpu_addr[11]) which is driven by a register (core_inst/regfile_inst/registers_reg[1][13]) that has an active asychronous set or reset. This may cause corruption of the memory contents and/or read values when the set/reset is asserted and is not analyzed by the default static timing analysis. It is suggested to eliminate the use of a set/reset to registers driving this RAMB pin or else use a synchronous reset in which the assertion of the reset is timed by default.
Related violations: <none>

REQP-1839#19 Warning
RAMB36 async control check  
The RAMB36E1 itcm_ram/itcm_rdata_reg_0 has an input control pin itcm_ram/itcm_rdata_reg_0/ADDRARDADDR[14] (net: itcm_ram/cpu_addr[11]) which is driven by a register (core_inst/regfile_inst/registers_reg[22][3]) that has an active asychronous set or reset. This may cause corruption of the memory contents and/or read values when the set/reset is asserted and is not analyzed by the default static timing analysis. It is suggested to eliminate the use of a set/reset to registers driving this RAMB pin or else use a synchronous reset in which the assertion of the reset is timed by default.
Related violations: <none>

REQP-1839#20 Warning
RAMB36 async control check  
The RAMB36E1 itcm_ram/itcm_rdata_reg_0 has an input control pin itcm_ram/itcm_rdata_reg_0/ADDRARDADDR[14] (net: itcm_ram/cpu_addr[11]) which is driven by a register (core_inst/regfile_inst/registers_reg[22][5]) that has an active asychronous set or reset. This may cause corruption of the memory contents and/or read values when the set/reset is asserted and is not analyzed by the default static timing analysis. It is suggested to eliminate the use of a set/reset to registers driving this RAMB pin or else use a synchronous reset in which the assertion of the reset is timed by default.
Related violations: <none>

REQP-1840#1 Warning
RAMB18 async control check  
The RAMB18E1 itcm_ram/itcm_rdata_reg_1 has an input control pin itcm_ram/itcm_rdata_reg_1/ADDRARDADDR[13] (net: itcm_ram/cpu_addr[11]) which is driven by a register (core_inst/if_id_instr_reg[0]) that has an active asychronous set or reset. This may cause corruption of the memory contents and/or read values when the set/reset is asserted and is not analyzed by the default static timing analysis. It is suggested to eliminate the use of a set/reset to registers driving this RAMB pin or else use a synchronous reset in which the assertion of the reset is timed by default.
Related violations: <none>

REQP-1840#2 Warning
RAMB18 async control check  
The RAMB18E1 itcm_ram/itcm_rdata_reg_1 has an input control pin itcm_ram/itcm_rdata_reg_1/ADDRARDADDR[13] (net: itcm_ram/cpu_addr[11]) which is driven by a register (core_inst/if_id_instr_reg[10]) that has an active asychronous set or reset. This may cause corruption of the memory contents and/or read values when the set/reset is asserted and is not analyzed by the default static timing analysis. It is suggested to eliminate the use of a set/reset to registers driving this RAMB pin or else use a synchronous reset in which the assertion of the reset is timed by default.
Related violations: <none>

REQP-1840#3 Warning
RAMB18 async control check  
The RAMB18E1 itcm_ram/itcm_rdata_reg_1 has an input control pin itcm_ram/itcm_rdata_reg_1/ADDRARDADDR[13] (net: itcm_ram/cpu_addr[11]) which is driven by a register (core_inst/if_id_instr_reg[13]) that has an active asychronous set or reset. This may cause corruption of the memory contents and/or read values when the set/reset is asserted and is not analyzed by the default static timing analysis. It is suggested to eliminate the use of a set/reset to registers driving this RAMB pin or else use a synchronous reset in which the assertion of the reset is timed by default.
Related violations: <none>

REQP-1840#4 Warning
RAMB18 async control check  
The RAMB18E1 itcm_ram/itcm_rdata_reg_1 has an input control pin itcm_ram/itcm_rdata_reg_1/ADDRARDADDR[13] (net: itcm_ram/cpu_addr[11]) which is driven by a register (core_inst/if_id_instr_reg[14]) that has an active asychronous set or reset. This may cause corruption of the memory contents and/or read values when the set/reset is asserted and is not analyzed by the default static timing analysis. It is suggested to eliminate the use of a set/reset to registers driving this RAMB pin or else use a synchronous reset in which the assertion of the reset is timed by default.
Related violations: <none>

REQP-1840#5 Warning
RAMB18 async control check  
The RAMB18E1 itcm_ram/itcm_rdata_reg_1 has an input control pin itcm_ram/itcm_rdata_reg_1/ADDRARDADDR[13] (net: itcm_ram/cpu_addr[11]) which is driven by a register (core_inst/if_id_instr_reg[18]) that has an active asychronous set or reset. This may cause corruption of the memory contents and/or read values when the set/reset is asserted and is not analyzed by the default static timing analysis. It is suggested to eliminate the use of a set/reset to registers driving this RAMB pin or else use a synchronous reset in which the assertion of the reset is timed by default.
Related violations: <none>

REQP-1840#6 Warning
RAMB18 async control check  
The RAMB18E1 itcm_ram/itcm_rdata_reg_1 has an input control pin itcm_ram/itcm_rdata_reg_1/ADDRARDADDR[13] (net: itcm_ram/cpu_addr[11]) which is driven by a register (core_inst/if_id_instr_reg[20]) that has an active asychronous set or reset. This may cause corruption of the memory contents and/or read values when the set/reset is asserted and is not analyzed by the default static timing analysis. It is suggested to eliminate the use of a set/reset to registers driving this RAMB pin or else use a synchronous reset in which the assertion of the reset is timed by default.
Related violations: <none>

REQP-1840#7 Warning
RAMB18 async control check  
The RAMB18E1 itcm_ram/itcm_rdata_reg_1 has an input control pin itcm_ram/itcm_rdata_reg_1/ADDRARDADDR[13] (net: itcm_ram/cpu_addr[11]) which is driven by a register (core_inst/if_id_instr_reg[22]) that has an active asychronous set or reset. This may cause corruption of the memory contents and/or read values when the set/reset is asserted and is not analyzed by the default static timing analysis. It is suggested to eliminate the use of a set/reset to registers driving this RAMB pin or else use a synchronous reset in which the assertion of the reset is timed by default.
Related violations: <none>

REQP-1840#8 Warning
RAMB18 async control check  
The RAMB18E1 itcm_ram/itcm_rdata_reg_1 has an input control pin itcm_ram/itcm_rdata_reg_1/ADDRARDADDR[13] (net: itcm_ram/cpu_addr[11]) which is driven by a register (core_inst/if_id_instr_reg[2]) that has an active asychronous set or reset. This may cause corruption of the memory contents and/or read values when the set/reset is asserted and is not analyzed by the default static timing analysis. It is suggested to eliminate the use of a set/reset to registers driving this RAMB pin or else use a synchronous reset in which the assertion of the reset is timed by default.
Related violations: <none>

REQP-1840#9 Warning
RAMB18 async control check  
The RAMB18E1 itcm_ram/itcm_rdata_reg_1 has an input control pin itcm_ram/itcm_rdata_reg_1/ADDRARDADDR[13] (net: itcm_ram/cpu_addr[11]) which is driven by a register (core_inst/if_id_instr_reg[30]) that has an active asychronous set or reset. This may cause corruption of the memory contents and/or read values when the set/reset is asserted and is not analyzed by the default static timing analysis. It is suggested to eliminate the use of a set/reset to registers driving this RAMB pin or else use a synchronous reset in which the assertion of the reset is timed by default.
Related violations: <none>

REQP-1840#10 Warning
RAMB18 async control check  
The RAMB18E1 itcm_ram/itcm_rdata_reg_1 has an input control pin itcm_ram/itcm_rdata_reg_1/ADDRARDADDR[13] (net: itcm_ram/cpu_addr[11]) which is driven by a register (core_inst/if_id_instr_reg[3]) that has an active asychronous set or reset. This may cause corruption of the memory contents and/or read values when the set/reset is asserted and is not analyzed by the default static timing analysis. It is suggested to eliminate the use of a set/reset to registers driving this RAMB pin or else use a synchronous reset in which the assertion of the reset is timed by default.
Related violations: <none>

REQP-1840#11 Warning
RAMB18 async control check  
The RAMB18E1 itcm_ram/itcm_rdata_reg_1 has an input control pin itcm_ram/itcm_rdata_reg_1/ADDRARDADDR[13] (net: itcm_ram/cpu_addr[11]) which is driven by a register (core_inst/if_id_instr_reg[4]) that has an active asychronous set or reset. This may cause corruption of the memory contents and/or read values when the set/reset is asserted and is not analyzed by the default static timing analysis. It is suggested to eliminate the use of a set/reset to registers driving this RAMB pin or else use a synchronous reset in which the assertion of the reset is timed by default.
Related violations: <none>

REQP-1840#12 Warning
RAMB18 async control check  
The RAMB18E1 itcm_ram/itcm_rdata_reg_1 has an input control pin itcm_ram/itcm_rdata_reg_1/ADDRARDADDR[13] (net: itcm_ram/cpu_addr[11]) which is driven by a register (core_inst/if_id_instr_reg[5]) that has an active asychronous set or reset. This may cause corruption of the memory contents and/or read values when the set/reset is asserted and is not analyzed by the default static timing analysis. It is suggested to eliminate the use of a set/reset to registers driving this RAMB pin or else use a synchronous reset in which the assertion of the reset is timed by default.
Related violations: <none>

REQP-1840#13 Warning
RAMB18 async control check  
The RAMB18E1 itcm_ram/itcm_rdata_reg_1 has an input control pin itcm_ram/itcm_rdata_reg_1/ADDRARDADDR[13] (net: itcm_ram/cpu_addr[11]) which is driven by a register (core_inst/pc_reg[13]) that has an active asychronous set or reset. This may cause corruption of the memory contents and/or read values when the set/reset is asserted and is not analyzed by the default static timing analysis. It is suggested to eliminate the use of a set/reset to registers driving this RAMB pin or else use a synchronous reset in which the assertion of the reset is timed by default.
Related violations: <none>

REQP-1840#14 Warning
RAMB18 async control check  
The RAMB18E1 itcm_ram/itcm_rdata_reg_1 has an input control pin itcm_ram/itcm_rdata_reg_1/ADDRARDADDR[13] (net: itcm_ram/cpu_addr[11]) which is driven by a register (core_inst/regfile_inst/registers_reg[1][0]) that has an active asychronous set or reset. This may cause corruption of the memory contents and/or read values when the set/reset is asserted and is not analyzed by the default static timing analysis. It is suggested to eliminate the use of a set/reset to registers driving this RAMB pin or else use a synchronous reset in which the assertion of the reset is timed by default.
Related violations: <none>

REQP-1840#15 Warning
RAMB18 async control check  
The RAMB18E1 itcm_ram/itcm_rdata_reg_1 has an input control pin itcm_ram/itcm_rdata_reg_1/ADDRARDADDR[13] (net: itcm_ram/cpu_addr[11]) which is driven by a register (core_inst/regfile_inst/registers_reg[1][10]) that has an active asychronous set or reset. This may cause corruption of the memory contents and/or read values when the set/reset is asserted and is not analyzed by the default static timing analysis. It is suggested to eliminate the use of a set/reset to registers driving this RAMB pin or else use a synchronous reset in which the assertion of the reset is timed by default.
Related violations: <none>

REQP-1840#16 Warning
RAMB18 async control check  
The RAMB18E1 itcm_ram/itcm_rdata_reg_1 has an input control pin itcm_ram/itcm_rdata_reg_1/ADDRARDADDR[13] (net: itcm_ram/cpu_addr[11]) which is driven by a register (core_inst/regfile_inst/registers_reg[1][11]) that has an active asychronous set or reset. This may cause corruption of the memory contents and/or read values when the set/reset is asserted and is not analyzed by the default static timing analysis. It is suggested to eliminate the use of a set/reset to registers driving this RAMB pin or else use a synchronous reset in which the assertion of the reset is timed by default.
Related violations: <none>

REQP-1840#17 Warning
RAMB18 async control check  
The RAMB18E1 itcm_ram/itcm_rdata_reg_1 has an input control pin itcm_ram/itcm_rdata_reg_1/ADDRARDADDR[13] (net: itcm_ram/cpu_addr[11]) which is driven by a register (core_inst/regfile_inst/registers_reg[1][12]) that has an active asychronous set or reset. This may cause corruption of the memory contents and/or read values when the set/reset is asserted and is not analyzed by the default static timing analysis. It is suggested to eliminate the use of a set/reset to registers driving this RAMB pin or else use a synchronous reset in which the assertion of the reset is timed by default.
Related violations: <none>

REQP-1840#18 Warning
RAMB18 async control check  
The RAMB18E1 itcm_ram/itcm_rdata_reg_1 has an input control pin itcm_ram/itcm_rdata_reg_1/ADDRARDADDR[13] (net: itcm_ram/cpu_addr[11]) which is driven by a register (core_inst/regfile_inst/registers_reg[1][13]) that has an active asychronous set or reset. This may cause corruption of the memory contents and/or read values when the set/reset is asserted and is not analyzed by the default static timing analysis. It is suggested to eliminate the use of a set/reset to registers driving this RAMB pin or else use a synchronous reset in which the assertion of the reset is timed by default.
Related violations: <none>

REQP-1840#19 Warning
RAMB18 async control check  
The RAMB18E1 itcm_ram/itcm_rdata_reg_1 has an input control pin itcm_ram/itcm_rdata_reg_1/ADDRARDADDR[13] (net: itcm_ram/cpu_addr[11]) which is driven by a register (core_inst/regfile_inst/registers_reg[22][3]) that has an active asychronous set or reset. This may cause corruption of the memory contents and/or read values when the set/reset is asserted and is not analyzed by the default static timing analysis. It is suggested to eliminate the use of a set/reset to registers driving this RAMB pin or else use a synchronous reset in which the assertion of the reset is timed by default.
Related violations: <none>

REQP-1840#20 Warning
RAMB18 async control check  
The RAMB18E1 itcm_ram/itcm_rdata_reg_1 has an input control pin itcm_ram/itcm_rdata_reg_1/ADDRARDADDR[13] (net: itcm_ram/cpu_addr[11]) which is driven by a register (core_inst/regfile_inst/registers_reg[22][5]) that has an active asychronous set or reset. This may cause corruption of the memory contents and/or read values when the set/reset is asserted and is not analyzed by the default static timing analysis. It is suggested to eliminate the use of a set/reset to registers driving this RAMB pin or else use a synchronous reset in which the assertion of the reset is timed by default.
Related violations: <none>

RPBF-3#1 Warning
IO port buffering is incomplete  
Device port i2c_scl expects both input and output buffering but the buffers are incomplete.
Related violations: <none>

RPBF-3#2 Warning
IO port buffering is incomplete  
Device port i2c_sda expects both input and output buffering but the buffers are incomplete.
Related violations: <none>


